// Jest Snapshot v1, https://goo.gl/fbAQLP

exports[`<ChartDatas /> renders the ChartDatas component 1`] = `ShallowWrapper {}`;
