// Jest Snapshot v1, https://goo.gl/fbAQLP

exports[`<App /> renders without crashing 1`] = `ShallowWrapper {}`;

exports[`<App /> should render App component 1`] = `ShallowWrapper {}`;
